../Core/Src/main.c:86:6:get_sineval	16	static
../Core/Src/main.c:97:5:main	16	static
../Core/Src/main.c:149:6:SystemClock_Config	88	static
../Core/Src/main.c:195:13:MX_ADC1_Init	24	static
../Core/Src/main.c:256:13:MX_DAC_Init	16	static
../Core/Src/main.c:296:13:MX_ETH_Init	8	static
../Core/Src/main.c:345:13:MX_TIM7_Init	16	static
../Core/Src/main.c:383:13:MX_USART3_UART_Init	8	static
../Core/Src/main.c:416:13:MX_USB_OTG_FS_PCD_Init	8	static
../Core/Src/main.c:449:13:MX_DMA_Init	16	static
../Core/Src/main.c:474:13:MX_GPIO_Init	56	static
../Core/Src/main.c:532:6:Error_Handler	4	static,ignoring_inline_asm
