../Core/Src/main.c:90:6:get_sineval	16	static
../Core/Src/main.c:96:6:HAL_ADC_ConvCpltCallback	16	static
../Core/Src/main.c:100:6:HAL_ADC_ConvHalfCpltCallback	16	static
../Core/Src/main.c:109:5:main	24	static
../Core/Src/main.c:172:6:SystemClock_Config	88	static
../Core/Src/main.c:218:13:MX_ADC1_Init	24	static
../Core/Src/main.c:270:13:MX_DAC_Init	16	static
../Core/Src/main.c:310:13:MX_ETH_Init	8	static
../Core/Src/main.c:359:13:MX_TIM7_Init	16	static
../Core/Src/main.c:397:13:MX_USART3_UART_Init	8	static
../Core/Src/main.c:430:13:MX_USB_OTG_FS_PCD_Init	8	static
../Core/Src/main.c:463:13:MX_DMA_Init	16	static
../Core/Src/main.c:488:13:MX_GPIO_Init	56	static
../Core/Src/main.c:546:6:Error_Handler	4	static,ignoring_inline_asm
